name[0]=M
name[1]=a
name[2]=r
name[3]=k
name[4]= 
name[5]=C
name[6]=h
name[7]=e
name[8]=n
name[9]=o
name[10]=w
name[11]=e
name[12]=t
name[13]=h
runtime error - index out of bounds: 14
