array1[0]=1
array1[1]=2
array1[2]=3
array1[3]=4
array1[4]=5
array2[0]=1.1000
array2[1]=2.2000
array2[2]=3.3000
array2[3]=4.4000
array2[4]=5.5000
array3[0]=Mark
array3[1]=Debby
array3[2]=Taylor
array3[3]=Colin
array3[4]=Spot
array4[0]=1
array4[1]=2.0000
array4[2]=Three
array4[3]=4
array4[4]=five
array5[0]=start
array5[1]=1
array5[2]=2
array5[3]=3
array5[4]=69
array5[5]=69
array5[6]=69
array5[7]=69
array5[8]=69
array5[9]=2
array5[10]=2
array5[11]=2
array5[12]=2
array5[13]=2
array5[14]=2
array5[15]=2
array5[16]=2
array5[17]=2
array5[18]=2
array5[19]=3
array5[20]=three
array5[21]=3.1415
array5[22]=3.1415
array5[23]=end
