a[0]=1
array[0]=3
pi=3.1416
pi**2=9.8696
x.pi=3.1416
z[0]=3
