f1=1
f2=2
f3=3
val1=Mark
val2=Deb
val3=Tay
val4=Col
f1=Mark
f2=Deb
f3=Tay
f1=11
f2=22
f3=33
f1=11
f2=22
f3=33
xxx
