x=10
y=10
z=10
x=69
y=69
z=10
p1.x=10
p1.y=10
p1.z=10
p2.x=69
p2.y=69
p2.z=10
