x=1
x=2
x=3
x=4
x=5
x=6
x=7
x=8
x=9
o.f1=3.1415
o.f2=2
o.f3=3
PI=3.1415
PI=3.1415
