age=25
f1=Grandfather
f2=Father
f3=Son
age=50
f1=Grandfather
f2=Father
