a[0]=0
x.a[0]=10
a[1]=1
x.a[1]=11
a[2]=2
x.a[2]=12
a[3]=3
x.a[3]=13
a[4]=4
x.a[4]=14
