sin( 45.0) = 0.7071
cos(120.0) = -0.5000
sqrt( 10.0) = 3.1623
10.0 = 10.00000
x = (!1) = 0
x = (!0) = 1
x = (!x) = 0
x = (not x) = 1
