num=69
pi=3.1419 2*pi=6.2838
twopi=6.2838
name=Mark Chenoweth
num=69
